./composer.json has been updated
Running composer update filament/filament spatie/laravel-permission --with-all-dependencies
Loading composer repositories with package information
Updating dependencies
Your requirements could not be resolved to an installable set of packages.

  Problem 1
    - Root composer.json requires laravel/framework ^11.31, found laravel/framework[v11.31.0, ..., v11.55.1] but these were not loaded, because they are affected by security advisories ("PKSA-m5cs-t1y6-qpcs", "PKSA-3r5d-mb8f-1qw9", "PKSA-mdq4-51ck-6kdq", "PKSA-8qx3-n5y5-vvnd", "PKSA-q46n-4fdk-zjr4", "PKSA-qzrn-rnz3-85w1"). Go to https://packagist.org/security-advisories/ to find advisory details. To ignore the advisories, add their IDs to the "policy.advisories.ignore-id" config or add the package to "policy.advisories.ignore". To turn the feature off entirely, you can set "policy.advisories.block" to false.
  Problem 2
    - laravel/pail is locked to version v1.2.7 and an update of this package was not requested.
    - laravel/pail v1.2.7 requires illuminate/log ^10.24|^11.0|^12.0|^13.0 -> found illuminate/log[v10.24.0, ..., v10.49.0, v11.0.0, ..., v11.51.0, v12.0.0, ..., v12.66.0, v13.0.0, ..., v13.25.0] but these were not loaded, because they are affected by security advisories ("PKSA-3r5d-mb8f-1qw9", "PKSA-m5cs-t1y6-qpcs", "PKSA-mdq4-51ck-6kdq", "PKSA-zwc5-qtrz-zm1n"). Go to https://packagist.org/security-advisories/ to find advisory details. To ignore the advisories, add their IDs to the "policy.advisories.ignore-id" config or add the package to "policy.advisories.ignore". To turn the feature off entirely, you can set "policy.advisories.block" to false.
  Problem 3
    - Root composer.json requires filament/filament ^3.2 -> satisfiable by filament/filament[v3.3.52, v3.3.53, v3.3.54].
    - filament/filament v3.3.52 requires filament/forms v3.3.52 -> found filament/forms[v3.3.52] but these were not loaded, because they are affected by security advisories ("PKSA-n7tx-gkfb-14yj"). Go to https://packagist.org/security-advisories/ to find advisory details. To ignore the advisories, add their IDs to the "policy.advisories.ignore-id" config or add the package to "policy.advisories.ignore". To turn the feature off entirely, you can set "policy.advisories.block" to false.
    - filament/filament v3.3.53 requires filament/support v3.3.53 -> satisfiable by filament/support[v3.3.53].
    - filament/filament v3.3.54 requires filament/support v3.3.54 -> satisfiable by filament/support[v3.3.54].
    - filament/support[v3.3.53, ..., v3.3.54] require ext-intl * -> it is missing from your system. Install or enable PHP's intl extension.

      Alternatively you can require one of these packages that provide the extension (or parts of it):
      Keep in mind that the suggestions are automated and may not be valid or safe to use
      - phuture/continuum A forward-compatibility layer bringing tomorrow’s PHP features to today’s runtimes.


To enable extensions, verify that they are enabled in your .ini files:
    - C:\xampp\php\php.ini
You can also run `php --ini` in a terminal to see which files are used by PHP in CLI mode.
Alternatively, you can run Composer with `--ignore-platform-req=ext-intl` to temporarily ignore these required extensions.

Installation failed, reverting ./composer.json and ./composer.lock to their original content.
